<testsuites id="" name="" tests="2" failures="0" skipped="0" errors="0" time="8.137844999999999">
<testsuite name="note-creation-simple.spec.ts" timestamp="2025-10-06T13:12:04.454Z" hostname="chromium" tests="2" failures="0" skipped="0" time="8.587" errors="0">
<testcase name="Simple Note Creation Test › should verify note creation flow and database save" classname="note-creation-simple.spec.ts" time="3.899">
<system-out>
<![CDATA[
🧪 TEST: Simple Note Creation Without Auth Complexity
============================================================

📍 Step 1: Navigate to app...
✅ Page loaded
📸 Screenshot: 01-initial-page.png

📋 Page Info:
   Title: Cathcr - Capture Your Thoughts
   Has "+ New" button: false
   Has "Sign In": true

⚠️  No "+ New" button found - likely need authentication
   App appears to require sign-in
   Found 7 button(s) on page
   Button 1: "Continue with Google"
   Button 2: "Continue with GitHub"
   Button 3: ""
   Button 4: "Sign In"
   Button 5: "Forgot your password?"
   Button 6: "Or sign in with magic link"
   Button 7: "Sign up"

============================================================
🎉 TEST COMPLETE
============================================================

]]>
</system-out>
</testcase>
<testcase name="Simple Note Creation Test › should check browser console for debug logs" classname="note-creation-simple.spec.ts" time="4.688">
<system-out>
<![CDATA[
🧪 TEST: Check Console Logs

📊 Total console messages: 12

📋 Relevant logs (6):
   1. 🔐 [Auth] Initializing auth...
   2. 🔐 [Auth] Initializing auth...
   3. ✅ [Auth] Session: No session
   4. ✅ [Auth] Initialization complete, loading = false
   5. 🔄 [Auth] State changed: INITIAL_SESSION undefined
   6. ✅ [Auth] State updated, loading = false
]]>
</system-out>
</testcase>
</testsuite>
</testsuites>